=== Avvio Task: python3 03 - scripts/compile_memes.py ===

Meme post generated -> 05 - meme/meme_001_ebrei.jpg
Meme post generated -> 05 - meme/meme_002_matteo.jpg
Meme post generated -> 05 - meme/meme_003_proverbi.jpg
Meme post generated -> 05 - meme/meme_004_filippesi.jpg
Meme post generated -> 05 - meme/meme_005_salmi.jpg
Meme post generated -> 05 - meme/meme_006_proverbi.jpg
Meme post generated -> 05 - meme/meme_007_giovanni.jpg
Meme post generated -> 05 - meme/meme_008_salmi.jpg
Meme post generated -> 05 - meme/meme_009_salmi.jpg
Meme post generated -> 05 - meme/meme_010_filippesi.jpg
Meme post generated -> 05 - meme/meme_011_isaia.jpg
Meme post generated -> 05 - meme/meme_012_esodo.jpg
Meme post generated -> 05 - meme/meme_013_timoteo.jpg
Skipping (Background file not found) -> 05 - meme/02 - bozze_immagini/meme_bg_014_raw.jpg
Skipping (Background file not found) -> 05 - meme/02 - bozze_immagini/meme_bg_015_raw.jpg
Skipping (Background file not found) -> 05 - meme/02 - bozze_immagini/meme_bg_016_raw.jpg
Skipping (Background file not found) -> 05 - meme/02 - bozze_immagini/meme_bg_017_raw.jpg
Skipping (Background file not found) -> 05 - meme/02 - bozze_immagini/meme_bg_018_raw.jpg
Skipping (Background file not found) -> 05 - meme/02 - bozze_immagini/meme_bg_019_raw.jpg
Skipping (Background file not found) -> 05 - meme/02 - bozze_immagini/meme_bg_020_raw.jpg
Skipping (Background file not found) -> 05 - meme/02 - bozze_immagini/meme_bg_021_raw.jpg
Skipping (Background file not found) -> 05 - meme/02 - bozze_immagini/meme_bg_022_raw.jpg
Skipping (Background file not found) -> 05 - meme/02 - bozze_immagini/meme_bg_023_raw.jpg
Skipping (Background file not found) -> 05 - meme/02 - bozze_immagini/meme_bg_024_raw.jpg
Skipping (Background file not found) -> 05 - meme/02 - bozze_immagini/meme_bg_025_raw.jpg

=== Task completato con successo! ===